Microsoft Windows [Version 10.0.22621.963]
(c) Microsoft Corporation. All rights reserved.

C:\Program Files\Git>git --version
git version 2.39.0.windows.2

C:\Program Files\Git>git config --global user.name "omkarChavan"

C:\Program Files\Git>git config --global user.email "omkarchavan396@gmail.com"

C:\Program Files\Git>git config --global user.email
omkarchavan396@gmail.com

C:\Program Files\Git>git config --global user.name
omkarchavan396@gmail.com

C:\Program Files\Git>git config --global user.name "omkarChavan"

C:\Program Files\Git>git config --global user.name
omkarChavan

C:\Program Files\Git>git config --list
diff.astextplain.textconv=astextplain
filter.lfs.clean=git-lfs clean -- %f
filter.lfs.smudge=git-lfs smudge -- %f
filter.lfs.process=git-lfs filter-process
filter.lfs.required=true
http.sslbackend=openssl
http.sslcainfo=C:/Program Files/Git/mingw64/ssl/certs/ca-bundle.crt
core.autocrlf=true
core.fscache=true
core.symlinks=false
pull.rebase=false
credential.helper=manager
credential.https://dev.azure.com.usehttppath=true
init.defaultbranch=master
user.name=omkarChavan
user.email=omkarchavan396@gmail.com

C:\Program Files\Git>git help
usage: git [-v | --version] [-h | --help] [-C <path>] [-c <name>=<value>]
           [--exec-path[=<path>]] [--html-path] [--man-path] [--info-path]
           [-p | --paginate | -P | --no-pager] [--no-replace-objects] [--bare]
           [--git-dir=<path>] [--work-tree=<path>] [--namespace=<name>]
           [--super-prefix=<path>] [--config-env=<name>=<envvar>]
           <command> [<args>]

These are common Git commands used in various situations:

start a working area (see also: git help tutorial)
   clone     Clone a repository into a new directory
   init      Create an empty Git repository or reinitialize an existing one

work on the current change (see also: git help everyday)
   add       Add file contents to the index
   mv        Move or rename a file, a directory, or a symlink
   restore   Restore working tree files
   rm        Remove files from the working tree and from the index

examine the history and state (see also: git help revisions)
   bisect    Use binary search to find the commit that introduced a bug
   diff      Show changes between commits, commit and working tree, etc
   grep      Print lines matching a pattern
   log       Show commit logs
   show      Show various types of objects
   status    Show the working tree status

grow, mark and tweak your common history
   branch    List, create, or delete branches
   commit    Record changes to the repository
   merge     Join two or more development histories together
   rebase    Reapply commits on top of another base tip
   reset     Reset current HEAD to the specified state
   switch    Switch branches
   tag       Create, list, delete or verify a tag object signed with GPG

collaborate (see also: git help workflows)
   fetch     Download objects and refs from another repository
   pull      Fetch from and integrate with another repository or a local branch
   push      Update remote refs along with associated objects



C:\Program Files\Git>cd C:\Users\abhi\GIT

C:\Users\abhi\GIT>git init
Initialized empty Git repository in C:/Users/abhi/GIT/.git/

C:\Users\abhi\GIT>git add file.java
fatal: pathspec 'file.java' did not match any files

C:\Users\abhi\GIT>git add .

C:\Users\abhi\GIT>git status
On branch master

No commits yet

Changes to be committed:
  (use "git rm --cached <file>..." to unstage)
        new file:   1.txt
        new file:   file1.java


C:\Users\abhi\GIT>git commit -m "initial commit"
[master (root-commit) b7e049d] initial commit
 2 files changed, 47 insertions(+)
 create mode 100644 1.txt
 create mode 100644 file1.java

C:\Users\abhi\GIT>git status
On branch master
nothing to commit, working tree clean

C:\Users\abhi\GIT>git status
On branch master
Changes not staged for commit:
  (use "git add <file>..." to update what will be committed)
  (use "git restore <file>..." to discard changes in working directory)
        modified:   file1.java

no changes added to commit (use "git add" and/or "git commit -a")

C:\Users\abhi\GIT>git diff
diff --git a/file1.java b/file1.java
index e69de29..9adc680 100644
--- a/file1.java
+++ b/file1.java
@@ -0,0 +1,2 @@
+x=7
+y=9
\ No newline at end of file

C:\Users\abhi\GIT>git commit -am "modified file1.java"
[master 5099a22] modified file1.java
 1 file changed, 2 insertions(+)

C:\Users\abhi\GIT>git status
On branch master
nothing to commit, working tree clean

C:\Users\abhi\GIT>git log
commit 5099a224db70a46e5bfa85095778bfad49d2eb40 (HEAD -> master)
Author: omkarChavan <omkarchavan396@gmail.com>
Date:   Mon Dec 26 15:50:57 2022 +0530

    modified file1.java

commit b7e049dc0420cb6fd709aebde67e174b97b61d41
Author: omkarChavan <omkarchavan396@gmail.com>
Date:   Mon Dec 26 15:40:14 2022 +0530

    initial commit

C:\Users\abhi\GIT>git log --author = "omkarChavan"
fatal: ambiguous argument 'omkarChavan': unknown revision or path not in the working tree.
Use '--' to separate paths from revisions, like this:
'git <command> [<revision>...] -- [<file>...]'

C:\Users\abhi\GIT>git config --global user.name "omkarChavan"

C:\Users\abhi\GIT>git log --author = "omkarChavan"
fatal: ambiguous argument 'omkarChavan': unknown revision or path not in the working tree.
Use '--' to separate paths from revisions, like this:
'git <command> [<revision>...] -- [<file>...]'

C:\Users\abhi\GIT>git --version
git version 2.39.0.windows.2

C:\Users\abhi\GIT>git diff
diff --git a/file1.java b/file1.java
index 9adc680..0b159df 100644
--- a/file1.java
+++ b/file1.java
@@ -1,2 +1,3 @@
-x=7
-y=9
\ No newline at end of file
+x=t5
+
+y=67
\ No newline at end of file

C:\Users\abhi\GIT>git add .

C:\Users\abhi\GIT>git status
On branch master
Changes to be committed:
  (use "git restore --staged <file>..." to unstage)
        modified:   file1.java


C:\Users\abhi\GIT>git diff --staged
diff --git a/file1.java b/file1.java
index 9adc680..0b159df 100644
--- a/file1.java
+++ b/file1.java
@@ -1,2 +1,3 @@
-x=7
-y=9
\ No newline at end of file
+x=t5
+
+y=67
\ No newline at end of file

C:\Users\abhi\GIT>git commit -m "changed to file1.java"
[master 1652f7f] changed to file1.java
 1 file changed, 3 insertions(+), 2 deletions(-)

C:\Users\abhi\GIT>git status
On branch master
Changes not staged for commit:
  (use "git add <file>..." to update what will be committed)
  (use "git restore <file>..." to discard changes in working directory)
        modified:   file1.java

no changes added to commit (use "git add" and/or "git commit -a")

C:\Users\abhi\GIT>dir
 Volume in drive C is Windows
 Volume Serial Number is 46C8-E9DC

 Directory of C:\Users\abhi\GIT

26-12-2022  15:36    <DIR>          .
26-12-2022  15:59    <DIR>          ..
26-12-2022  15:12             1,419 1.txt
26-12-2022  16:01                12 file1.java
               2 File(s)          1,431 bytes
               2 Dir(s)  12,113,756,160 bytes free


C:\Users\abhi\GIT>git rm file1.java
error: the following file has local modifications:
    file1.java
(use --cached to keep the file, or -f to force removal)

C:\Users\abhi\GIT>git rm store file1.java
fatal: pathspec 'store' did not match any files

C:\Users\abhi\GIT>git  store file1.java
git: 'store' is not a git command. See 'git --help'.

The most similar command is
        restore

C:\Users\abhi\GIT>git  restore file1.java

C:\Users\abhi\GIT>git status
On branch master
nothing to commit, working tree clean

C:\Users\abhi\GIT>git rm file1.java
rm 'file1.java'

C:\Users\abhi\GIT>git status
On branch master
Changes to be committed:
  (use "git restore --staged <file>..." to unstage)
        deleted:    file1.java


C:\Users\abhi\GIT>git commit -m "deleted  file1.java"
[master f64cf29] deleted  file1.java
 1 file changed, 3 deletions(-)
 delete mode 100644 file1.java

C:\Users\abhi\GIT>git log
commit f64cf29dd4af039e68403ff17b0a4a13958b19aa (HEAD -> master)
Author: omkarChavan <omkarchavan396@gmail.com>
Date:   Mon Dec 26 16:10:00 2022 +0530

    deleted  file1.java

commit 1652f7fa25fd48da2604b1afbecf30cd62259117
Author: omkarChavan <omkarchavan396@gmail.com>
Date:   Mon Dec 26 16:01:13 2022 +0530

    changed to file1.java

commit 5099a224db70a46e5bfa85095778bfad49d2eb40
Author: omkarChavan <omkarchavan396@gmail.com>
Date:   Mon Dec 26 15:50:57 2022 +0530

    modified file1.java

commit b7e049dc0420cb6fd709aebde67e174b97b61d41
Author: omkarChavan <omkarchavan396@gmail.com>
Date:   Mon Dec 26 15:40:14 2022 +0530
:
commit f64cf29dd4af039e68403ff17b0a4a13958b19aa (HEAD -> master)
Author: omkarChavan <omkarchavan396@gmail.com>
Date:   Mon Dec 26 16:10:00 2022 +0530

    deleted  file1.java

commit 1652f7fa25fd48da2604b1afbecf30cd62259117
Author: omkarChavan <omkarchavan396@gmail.com>
Date:   Mon Dec 26 16:01:13 2022 +0530

    changed to file1.java

commit 5099a224db70a46e5bfa85095778bfad49d2eb40
Author: omkarChavan <omkarchavan396@gmail.com>
Date:   Mon Dec 26 15:50:57 2022 +0530

    modified file1.java

commit b7e049dc0420cb6fd709aebde67e174b97b61d41
Author: omkarChavan <omkarchavan396@gmail.com>
Date:   Mon Dec 26 15:40:14 2022 +0530
:
commit f64cf29dd4af039e68403ff17b0a4a13958b19aa (HEAD -> master)
Author: omkarChavan <omkarchavan396@gmail.com>
Date:   Mon Dec 26 16:10:00 2022 +0530

    deleted  file1.java

commit 1652f7fa25fd48da2604b1afbecf30cd62259117
Author: omkarChavan <omkarchavan396@gmail.com>
Date:   Mon Dec 26 16:01:13 2022 +0530

    changed to file1.java

commit 5099a224db70a46e5bfa85095778bfad49d2eb40
Author: omkarChavan <omkarchavan396@gmail.com>
Date:   Mon Dec 26 15:50:57 2022 +0530

    modified file1.java

commit b7e049dc0420cb6fd709aebde67e174b97b61d41
Author: omkarChavan <omkarchavan396@gmail.com>
Date:   Mon Dec 26 15:40:14 2022 +0530

    initial commit
 ^X
Date:   Mon Dec 26 16:10:00 2022 +0530

    deleted  file1.java

commit 1652f7fa25fd48da2604b1afbecf30cd62259117
Author: omkarChavan <omkarchavan396@gmail.com>
Date:   Mon Dec 26 16:01:13 2022 +0530

    changed to file1.java

commit 5099a224db70a46e5bfa85095778bfad49d2eb40
Author: omkarChavan <omkarchavan396@gmail.com>
Date:   Mon Dec 26 15:50:57 2022 +0530

    modified file1.java

commit b7e049dc0420cb6fd709aebde67e174b97b61d41
Author: omkarChavan <omkarchavan396@gmail.com>
Date:   Mon Dec 26 15:40:14 2022 +0530

    initial commit
(END)
Date:   Mon Dec 26 16:10:00 2022 +0530

    deleted  file1.java

commit 1652f7fa25fd48da2604b1afbecf30cd62259117
Author: omkarChavan <omkarchavan396@gmail.com>
Date:   Mon Dec 26 16:01:13 2022 +0530

    changed to file1.java

commit 5099a224db70a46e5bfa85095778bfad49d2eb40
Author: omkarChavan <omkarchavan396@gmail.com>
Date:   Mon Dec 26 15:50:57 2022 +0530

    modified file1.java

commit b7e049dc0420cb6fd709aebde67e174b97b61d41
Author: omkarChavan <omkarchavan396@gmail.com>
Date:   Mon Dec 26 15:40:14 2022 +0530

    initial commit
commit f64cf29dd4af039e68403ff17b0a4a13958b19aa (HEAD -> master)
Author: omkarChavan <omkarchavan396@gmail.com>
Date:   Mon Dec 26 16:10:00 2022 +0530

    deleted  file1.java

commit 1652f7fa25fd48da2604b1afbecf30cd62259117
Author: omkarChavan <omkarchavan396@gmail.com>
Date:   Mon Dec 26 16:01:13 2022 +0530

    changed to file1.java

commit 5099a224db70a46e5bfa85095778bfad49d2eb40
Author: omkarChavan <omkarchavan396@gmail.com>
Date:   Mon Dec 26 15:50:57 2022 +0530

    modified file1.java

commit b7e049dc0420cb6fd709aebde67e174b97b61d41
Author: omkarChavan <omkarchavan396@gmail.com>
Date:   Mon Dec 26 15:40:14 2022 +0530

    initial commit
(END)
Date:   Mon Dec 26 16:10:00 2022 +0530

    deleted  file1.java

commit 1652f7fa25fd48da2604b1afbecf30cd62259117
Author: omkarChavan <omkarchavan396@gmail.com>
Date:   Mon Dec 26 16:01:13 2022 +0530

    changed to file1.java

commit 5099a224db70a46e5bfa85095778bfad49d2eb40
Author: omkarChavan <omkarchavan396@gmail.com>
Date:   Mon Dec 26 15:50:57 2022 +0530

    modified file1.java

commit b7e049dc0420cb6fd709aebde67e174b97b61d41
Author: omkarChavan <omkarchavan396@gmail.com>
Date:   Mon Dec 26 15:40:14 2022 +0530

    initial commit
log file: ers\abhi\GIT
commit f64cf29dd4af039e68403ff17b0a4a13958b19aa (HEAD -> master)
Author: omkarChavan <omkarchavan396@gmail.com>
Date:   Mon Dec 26 16:10:00 2022 +0530

    deleted  file1.java

commit 1652f7fa25fd48da2604b1afbecf30cd62259117
Author: omkarChavan <omkarchavan396@gmail.com>
Date:   Mon Dec 26 16:01:13 2022 +0530

    changed to file1.java

commit 5099a224db70a46e5bfa85095778bfad49d2eb40
Author: omkarChavan <omkarchavan396@gmail.com>
Date:   Mon Dec 26 15:50:57 2022 +0530

    modified file1.java

commit b7e049dc0420cb6fd709aebde67e174b97b61d41
Author: omkarChavan <omkarchavan396@gmail.com>
Date:   Mon Dec 26 15:40:14 2022 +0530
log file: ers\abhi\GITC:\Users\abhi\GIT
commit f64cf29dd4af039e68403ff17b0a4a13958b19aa (HEAD -> master)
Author: omkarChavan <omkarchavan396@gmail.com>
Date:   Mon Dec 26 16:10:00 2022 +0530

    deleted  file1.java

commit 1652f7fa25fd48da2604b1afbecf30cd62259117
Author: omkarChavan <omkarchavan396@gmail.com>
Date:   Mon Dec 26 16:01:13 2022 +0530

    changed to file1.java

commit 5099a224db70a46e5bfa85095778bfad49d2eb40
Author: omkarChavan <omkarchavan396@gmail.com>
Date:   Mon Dec 26 15:50:57 2022 +0530

    modified file1.java

commit b7e049dc0420cb6fd709aebde67e174b97b61d41
Author: omkarChavan <omkarchavan396@gmail.com>
Date:   Mon Dec 26 15:40:14 2022 +0530
:
commit f64cf29dd4af039e68403ff17b0a4a13958b19aa (HEAD -> master)
Author: omkarChavan <omkarchavan396@gmail.com>
Date:   Mon Dec 26 16:10:00 2022 +0530

    deleted  file1.java

commit 1652f7fa25fd48da2604b1afbecf30cd62259117
Author: omkarChavan <omkarchavan396@gmail.com>
Date:   Mon Dec 26 16:01:13 2022 +0530

    changed to file1.java

commit 5099a224db70a46e5bfa85095778bfad49d2eb40
Author: omkarChavan <omkarchavan396@gmail.com>
Date:   Mon Dec 26 15:50:57 2022 +0530

    modified file1.java

commit b7e049dc0420cb6fd709aebde67e174b97b61d41
Author: omkarChavan <omkarchavan396@gmail.com>
Date:   Mon Dec 26 15:40:14 2022 +0530
:...skipping...
commit f64cf29dd4af039e68403ff17b0a4a13958b19aa (HEAD -> master)
Author: omkarChavan <omkarchavan396@gmail.com>
Date:   Mon Dec 26 16:10:00 2022 +0530

    deleted  file1.java

commit 1652f7fa25fd48da2604b1afbecf30cd62259117
Author: omkarChavan <omkarchavan396@gmail.com>
Date:   Mon Dec 26 16:01:13 2022 +0530

    changed to file1.java

commit 5099a224db70a46e5bfa85095778bfad49d2eb40
Author: omkarChavan <omkarchavan396@gmail.com>
Date:   Mon Dec 26 15:50:57 2022 +0530

    modified file1.java

commit b7e049dc0420cb6fd709aebde67e174b97b61d41
Author: omkarChavan <omkarchavan396@gmail.com>
Date:   Mon Dec 26 15:40:14 2022 +0530

    initial commit
~
~
~
~
~
~
~
~
~
~
~
~
~
~
~
(END)
commit f64cf29dd4af039e68403ff17b0a4a13958b19aa (HEAD -> master)
Author: omkarChavan <omkarchavan396@gmail.com>
Date:   Mon Dec 26 16:10:00 2022 +0530

    deleted  file1.java

commit 1652f7fa25fd48da2604b1afbecf30cd62259117
Author: omkarChavan <omkarchavan396@gmail.com>
Date:   Mon Dec 26 16:01:13 2022 +0530

    changed to file1.java

commit 5099a224db70a46e5bfa85095778bfad49d2eb40
Author: omkarChavan <omkarchavan396@gmail.com>
Date:   Mon Dec 26 15:50:57 2022 +0530

    modified file1.java

commit b7e049dc0420cb6fd709aebde67e174b97b61d41
Author: omkarChavan <omkarchavan396@gmail.com>
Date:   Mon Dec 26 15:40:14 2022 +0530

    initial commit
(END)


C:\Users\abhi\GIT>git status
On branch master
Untracked files:
  (use "git add <file>..." to include in what will be committed)
        app/
        ersabhiGIT
        file1.java

nothing added to commit but untracked files present (use "git add" to track)

C:\Users\abhi\GIT>git add .

C:\Users\abhi\GIT>git status
On branch master
Changes to be committed:
  (use "git restore --staged <file>..." to unstage)
        new file:   app/first.java
        new file:   ersabhiGIT
        new file:   file1.java

Changes not staged for commit:
  (use "git add <file>..." to update what will be committed)
  (use "git restore <file>..." to discard changes in working directory)
        modified:   ersabhiGIT


C:\Users\abhi\GIT>git commit -m"few change"
[master 7437848] few change
 3 files changed, 3 insertions(+)
 create mode 100644 app/first.java
 create mode 100644 ersabhiGIT
 create mode 100644 file1.java

C:\Users\abhi\GIT>dir
 Volume in drive C is Windows
 Volume Serial Number is 46C8-E9DC

 Directory of C:\Users\abhi\GIT

26-12-2022  16:15    <DIR>          .
26-12-2022  15:59    <DIR>          ..
26-12-2022  15:12             1,419 1.txt
26-12-2022  16:16    <DIR>          app
26-12-2022  16:12               721 ersabhiGIT
26-12-2022  16:15                11 file1.java
               3 File(s)          2,151 bytes
               3 Dir(s)  12,101,566,464 bytes free

C:\Users\abhi\GIT>git mv first.java app\first.java
fatal: bad source, source=first.java, destination=app/first.java

C:\Users\abhi\GIT>git commit -am"some change"
warning: in the working copy of 'ersabhiGIT', LF will be replaced by CRLF the next time Git touches it
[master 0e0b3f3] some change
 1 file changed, 23 insertions(+)

C:\Users\abhi\GIT>git commit -a
On branch master
nothing to commit, working tree clean

C:\Users\abhi\GIT>git status
On branch master
nothing to commit, working tree clean

C:\Users\abhi\GIT>dir
 Volume in drive C is Windows
 Volume Serial Number is 46C8-E9DC

 Directory of C:\Users\abhi\GIT

26-12-2022  16:15    <DIR>          .
26-12-2022  15:59    <DIR>          ..
26-12-2022  15:12             1,419 1.txt
26-12-2022  16:16    <DIR>          app
26-12-2022  16:12               721 ersabhiGIT
26-12-2022  16:15                11 file1.java
               3 File(s)          2,151 bytes
               3 Dir(s)  12,100,616,192 bytes free

C:\Users\abhi\GIT>cd app

C:\Users\abhi\GIT\app>git mv first.java first.java
fatal: can not move directory into itself, source=app/first.java, destination=app/first.java

C:\Users\abhi\GIT\app>git mv first.java first1.java

C:\Users\abhi\GIT\app>git status
On branch master
Changes to be committed:
  (use "git restore --staged <file>..." to unstage)
        renamed:    first.java -> first1.java


C:\Users\abhi\GIT\app>cd ..

C:\Users\abhi\GIT>git commit -m "rename to first1.java
[master f95698b] rename to first1.java
 1 file changed, 0 insertions(+), 0 deletions(-)
 rename app/{first.java => first1.java} (100%)

C:\Users\abhi\GIT>git status
On branch master
nothing to commit, working tree clean

C:\Users\abhi\GIT>dir app
 Volume in drive C is Windows
 Volume Serial Number is 46C8-E9DC

 Directory of C:\Users\abhi\GIT\app

26-12-2022  16:23    <DIR>          .
26-12-2022  16:15    <DIR>          ..
26-12-2022  16:16                 0 first1.java
               1 File(s)              0 bytes
               2 Dir(s)  12,099,547,136 bytes free

C:\Users\abhi\GIT>git mv first.java first.java
fatal: bad source, source=first.java, destination=first.java

C:\Users\abhi\GIT>git mv app\first1.java app\first2.java

C:\Users\abhi\GIT>git status
On branch master
Changes to be committed:
  (use "git restore --staged <file>..." to unstage)
        renamed:    app/first1.java -> app/first2.java


C:\Users\abhi\GIT>dir
 Volume in drive C is Windows
 Volume Serial Number is 46C8-E9DC

 Directory of C:\Users\abhi\GIT

26-12-2022  16:15    <DIR>          .
26-12-2022  15:59    <DIR>          ..
26-12-2022  15:12             1,419 1.txt
26-12-2022  16:27    <DIR>          app
26-12-2022  16:12               721 ersabhiGIT
26-12-2022  16:15                11 file1.java
               3 File(s)          2,151 bytes
               3 Dir(s)  12,105,744,384 bytes free

C:\Users\abhi\GIT>dir app
 Volume in drive C is Windows
 Volume Serial Number is 46C8-E9DC

 Directory of C:\Users\abhi\GIT\app

26-12-2022  16:27    <DIR>          .
26-12-2022  16:15    <DIR>          ..
26-12-2022  16:16                 0 first2.java
               1 File(s)              0 bytes
               2 Dir(s)  12,105,945,088 bytes free

C:\Users\abhi\GIT>git log
commit f95698b409e5a35c1e6e5812920272be183f4942 (HEAD -> master)
Author: omkarChavan <omkarchavan396@gmail.com>
Date:   Mon Dec 26 16:25:22 2022 +0530

    rename to first1.java

commit 0e0b3f34fbaeb123b70636486d2c346ad8412a44
Author: omkarChavan <omkarchavan396@gmail.com>
Date:   Mon Dec 26 16:20:41 2022 +0530

    some change

commit 743784841f6632cc28e006d75b77bc005cfb864d
Author: omkarChavan <omkarchavan396@gmail.com>
Date:   Mon Dec 26 16:18:20 2022 +0530

    few change

commit f64cf29dd4af039e68403ff17b0a4a13958b19aa
Author: omkarChavan <omkarchavan396@gmail.com>
Date:   Mon Dec 26 16:10:00 2022 +0530

    deleted  file1.java

commit 1652f7fa25fd48da2604b1afbecf30cd62259117
Author: omkarChavan <omkarchavan396@gmail.com>
Date:   Mon Dec 26 16:01:13 2022 +0530

    changed to file1.java

commit 5099a224db70a46e5bfa85095778bfad49d2eb40
Author: omkarChavan <omkarchavan396@gmail.com>
Date:   Mon Dec 26 15:50:57 2022 +0530

    modified file1.java

commit b7e049dc0420cb6fd709aebde67e174b97b61d41
Author: omkarChavan <omkarchavan396@gmail.com>
Date:   Mon Dec 26 15:40:14 2022 +0530

    initial commit
Warning: "ersabhiGIT" exists; Overwrite, Append, Don't logOverwrite, Append, Don't log, or Quit? (Type "O", "A", "D"Overwrite, Append, Don't log, or Quit? (Type "O", "A", "D"Overwrite, Append, Don't log, or Quit? (Type "O", "A", "D"
C:\Users\abhi\GIT>git checkout 743784 --file1.java
error: unknown option `file1.java'
usage: git checkout [<options>] <branch>
   or: git checkout [<options>] [<branch>] -- <file>...

    -b <branch>           create and checkout a new branch    -B <branch>           create/reset and checkout a branch
    -l                    create reflog for new branch
    --guess               second guess 'git checkout <no-such-branch>' (default)
    --overlay             use overlay mode (default)
    -q, --quiet           suppress progress reporting
    --recurse-submodules[=<checkout>]
                          control recursive updating of submodules
    --progress            force progress reporting
    -m, --merge           perform a 3-way merge with the new branch
    --conflict <style>    conflict style (merge, diff3, or zdiff3)
    -d, --detach          detach HEAD at named commit
    -t, --track[=(direct|inherit)]
                          set branch tracking configuration
    -f, --force           force checkout (throw away local modifications)
    --orphan <new-branch>
                          new unparented branch
    --overwrite-ignore    update ignored files (default)
    --ignore-other-worktrees
                          do not check if another worktree is holding the given ref
    -2, --ours            checkout our version for unmerged files
    -3, --theirs          checkout their version for unmerged files
    -p, --patch           select hunks interactively
    --ignore-skip-worktree-bits
                          do not limit pathspecs to sparse entries only
    --pathspec-from-file <file>
                          read pathspec from file
    --pathspec-file-nul   with --pathspec-from-file, pathspec elements are separated with NUL character


C:\Users\abhi\GIT>git checkout 743784 -- file1.java

C:\Users\abhi\GIT>git status
On branch master
Changes to be committed:
  (use "git restore --staged <file>..." to unstage)
        renamed:    app/first1.java -> app/first2.java


C:\Users\abhi\GIT>git diff

C:\Users\abhi\GIT>git diff --staged
diff --git a/app/first1.java b/app/first2.java
similarity index 100%
rename from app/first1.java
rename to app/first2.java

C:\Users\abhi\GIT>git commit -m "fecthed first1.java
[master a782273] fecthed first1.java
 1 file changed, 0 insertions(+), 0 deletions(-)
 rename app/{first1.java => first2.java} (100%)

C:\Users\abhi\GIT>dir
 Volume in drive C is Windows
 Volume Serial Number is 46C8-E9DC

 Directory of C:\Users\abhi\GIT

26-12-2022  16:41    <DIR>          .
26-12-2022  16:43    <DIR>          ..
26-12-2022  15:12             1,419 1.txt
26-12-2022  16:27    <DIR>          app
26-12-2022  16:12               721 ersabhiGIT
26-12-2022  16:41                11 file1.java
               3 File(s)          2,151 bytes
               3 Dir(s)  12,100,976,640 bytes free

C:\Users\abhi\GIT>git status
On branch master
Changes not staged for commit:
  (use "git add <file>..." to update what will be committed)
  (use "git restore <file>..." to discard changes in working directory)
        modified:   app/first2.java
        modified:   file1.java

no changes added to commit (use "git add" and/or "git commit -a")

C:\Users\abhi\GIT>git diff
diff --git a/app/first2.java b/app/first2.java
index e69de29..3da27d9 100644
--- a/app/first2.java
+++ b/app/first2.java
@@ -0,0 +1 @@
+hvhv h
\ No newline at end of file
diff --git a/file1.java b/file1.java
index 6ef49b5..dd3e239 100644
--- a/file1.java
+++ b/file1.java
@@ -1,3 +1 @@
-x=t5
-
-y=0
\ No newline at end of file
+x=244

C:\Users\abhi\GIT>git add .

C:\Users\abhi\GIT>git status
On branch master
Changes to be committed:
  (use "git restore --staged <file>..." to unstage)
        modified:   app/first2.java
        modified:   file1.java

Untracked files:
  (use "git add <file>..." to include in what will be committed)
        file2.txt


C:\Users\abhi\GIT>git add .

C:\Users\abhi\GIT>git status
On branch master
Changes to be committed:
  (use "git restore --staged <file>..." to unstage)
        modified:   app/first2.java
        modified:   file1.java
        new file:   file2.txt


C:\Users\abhi\GIT>git reset HEAD file1.java
Unstaged changes after reset:
M       file1.java

C:\Users\abhi\GIT>git status
On branch master
Changes to be committed:
  (use "git restore --staged <file>..." to unstage)
        modified:   app/first2.java
        new file:   file2.txt

Changes not staged for commit:
  (use "git add <file>..." to update what will be committed)
  (use "git restore <file>..." to discard changes in working directory)
        modified:   file1.java


C:\Users\abhi\GIT>git add .

C:\Users\abhi\GIT>git commit -m "added new copies first1.java
[master 9a09431] added new copies first1.java
 3 files changed, 2 insertions(+), 3 deletions(-)
 create mode 100644 file2.txt

C:\Users\abhi\GIT>git commit -m "added new copies first1.java"
On branch master
nothing to commit, working tree clean

C:\Users\abhi\GIT>

